main.c:66:6:HAL_TIM_PeriodElapsedCallback	16	static
main.c:71:6:TIM1_reinit	8	static
main.c:94:6:pushVelocity	16	static
main.c:102:7:averageVelocity	16	static
main.c:110:5:check_delta	32	static
main.c:121:7:modeVelocity	72	static
main.c:146:6:HAL_TIM_IC_CaptureCallback	24	static
main.c:192:6:HAL_TIM_PWM_PulseFinishedCallback	16	static
main.c:198:6:Set_LED	24	static
main.c:212:6:WS2812_Send	32	static
main.c:254:5:main	64	static
main.c:297:10:WS_FullSet	24	static
main.c:411:6:SystemClock_Config	72	static
main.c:450:13:MX_TIM1_Init	32	static
main.c:499:13:MX_TIM4_Init	64	static
main.c:556:13:MX_DMA_Init	16	static
main.c:574:13:MX_GPIO_Init	40	static
main.c:604:6:Error_Handler	4	static,ignoring_inline_asm
